// Jest Snapshot v1, https://goo.gl/fbAQLP

exports[`Narration Page renders narration page unchanged 1`] = `
<div>
  <div
    class="mx-auto max-w-3xl px-4 pt-6 font-[family-name:var(--font-geist-sans)] sm:p-20"
  >
    <form
      class="flex flex-col justify-between gap-6 *:"
    >
      <div
        class="space-y-3"
      >
        <label
          class="text-sm font-medium leading-none peer-disabled:cursor-not-allowed peer-disabled:opacity-70"
          for=":r0:-form-item"
        >
          Good characters (3)
        </label>
        <div
          class="grid grid-cols-[repeat(auto-fit,_minmax(80px,_1fr))] gap-1"
        >
          <div
            class="flex items-center gap-2 space-y-0"
          >
            <label
              class="w-full"
            >
              <input
                aria-checked="true"
                aria-describedby=":r1:-form-item-description"
                aria-invalid="false"
                aria-label="Merlin"
                checked=""
                class="peer absolute m-0 appearance-none"
                id=":r1:-form-item"
                required=""
                type="checkbox"
              />
              <div
                class="flex aspect-[3/4] items-center justify-center rounded-md border bg-background p-4 text-center text-sm border-blue-500 text-blue-500 w-full peer-focus:outline peer-focus:outline-2 peer-focus:outline-gray-500 peer-focus:ring-2 peer-focus:ring-gray-300 after:ml-0.5 after:content-['*']"
              >
                Merlin
              </div>
              <span
                class="sr-only text-sm font-normal after:ml-0.5 after:text-red-500 after:content-['*']"
              >
                Merlin
              </span>
            </label>
          </div>
          <div
            class="flex items-center gap-2 space-y-0"
          >
            <label
              class="w-full"
            >
              <input
                aria-checked="false"
                aria-describedby=":r2:-form-item-description"
                aria-invalid="false"
                aria-label="Percival"
                class="peer absolute m-0 appearance-none"
                id=":r2:-form-item"
                type="checkbox"
              />
              <div
                class="flex aspect-[3/4] items-center justify-center rounded-md border bg-background p-4 text-center text-sm border-primary/80 text-primary/80 w-full peer-focus:outline peer-focus:outline-2 peer-focus:outline-gray-500 peer-focus:ring-2 peer-focus:ring-gray-300"
              >
                Percival
              </div>
              <span
                class="sr-only text-sm font-normal"
              >
                Percival
              </span>
            </label>
          </div>
          <div
            class="flex items-center gap-2 space-y-0"
          >
            <label
              class="w-full"
            >
              <input
                aria-checked="true"
                aria-describedby=":r3:-form-item-description"
                aria-invalid="false"
                aria-label="1st Loyal Servant of Arthur"
                checked=""
                class="peer absolute m-0 appearance-none"
                id=":r3:-form-item"
                type="checkbox"
              />
              <div
                class="flex aspect-[3/4] items-center justify-center rounded-md border bg-background p-4 text-center text-sm border-blue-500 text-blue-500 w-full peer-focus:outline peer-focus:outline-2 peer-focus:outline-gray-500 peer-focus:ring-2 peer-focus:ring-gray-300"
              >
                Loyal Servant of Arthur
              </div>
              <span
                class="sr-only text-sm font-normal"
              >
                Loyal Servant of Arthur
              </span>
            </label>
          </div>
          <div
            class="flex items-center gap-2 space-y-0"
          >
            <label
              class="w-full"
            >
              <input
                aria-checked="true"
                aria-describedby=":r4:-form-item-description"
                aria-invalid="false"
                aria-label="2nd Loyal Servant of Arthur"
                checked=""
                class="peer absolute m-0 appearance-none"
                id=":r4:-form-item"
                type="checkbox"
              />
              <div
                class="flex aspect-[3/4] items-center justify-center rounded-md border bg-background p-4 text-center text-sm border-blue-500 text-blue-500 w-full peer-focus:outline peer-focus:outline-2 peer-focus:outline-gray-500 peer-focus:ring-2 peer-focus:ring-gray-300"
              >
                Loyal Servant of Arthur
              </div>
              <span
                class="sr-only text-sm font-normal"
              >
                Loyal Servant of Arthur
              </span>
            </label>
          </div>
          <div
            class="flex items-center gap-2 space-y-0"
          >
            <label
              class="w-full"
            >
              <input
                aria-checked="false"
                aria-describedby=":r5:-form-item-description"
                aria-invalid="false"
                aria-label="3rd Loyal Servant of Arthur"
                class="peer absolute m-0 appearance-none"
                id=":r5:-form-item"
                type="checkbox"
              />
              <div
                class="flex aspect-[3/4] items-center justify-center rounded-md border bg-background p-4 text-center text-sm border-primary/80 text-primary/80 w-full peer-focus:outline peer-focus:outline-2 peer-focus:outline-gray-500 peer-focus:ring-2 peer-focus:ring-gray-300"
              >
                Loyal Servant of Arthur
              </div>
              <span
                class="sr-only text-sm font-normal"
              >
                Loyal Servant of Arthur
              </span>
            </label>
          </div>
          <div
            class="flex items-center gap-2 space-y-0"
          >
            <label
              class="w-full"
            >
              <input
                aria-checked="false"
                aria-describedby=":r6:-form-item-description"
                aria-invalid="false"
                aria-label="4th Loyal Servant of Arthur"
                class="peer absolute m-0 appearance-none"
                id=":r6:-form-item"
                type="checkbox"
              />
              <div
                class="flex aspect-[3/4] items-center justify-center rounded-md border bg-background p-4 text-center text-sm border-primary/80 text-primary/80 w-full peer-focus:outline peer-focus:outline-2 peer-focus:outline-gray-500 peer-focus:ring-2 peer-focus:ring-gray-300"
              >
                Loyal Servant of Arthur
              </div>
              <span
                class="sr-only text-sm font-normal"
              >
                Loyal Servant of Arthur
              </span>
            </label>
          </div>
          <div
            class="flex items-center gap-2 space-y-0"
          >
            <label
              class="w-full"
            >
              <input
                aria-checked="false"
                aria-describedby=":r7:-form-item-description"
                aria-invalid="false"
                aria-label="5th Loyal Servant of Arthur"
                class="peer absolute m-0 appearance-none"
                id=":r7:-form-item"
                type="checkbox"
              />
              <div
                class="flex aspect-[3/4] items-center justify-center rounded-md border bg-background p-4 text-center text-sm border-primary/80 text-primary/80 w-full peer-focus:outline peer-focus:outline-2 peer-focus:outline-gray-500 peer-focus:ring-2 peer-focus:ring-gray-300"
              >
                Loyal Servant of Arthur
              </div>
              <span
                class="sr-only text-sm font-normal"
              >
                Loyal Servant of Arthur
              </span>
            </label>
          </div>
        </div>
      </div>
      <div
        class="space-y-3"
      >
        <label
          class="text-sm font-medium leading-none peer-disabled:cursor-not-allowed peer-disabled:opacity-70"
          for=":r8:-form-item"
        >
          Evil characters (2)
        </label>
        <div
          class="grid grid-cols-[repeat(auto-fit,_minmax(80px,_1fr))] gap-1"
        >
          <div
            class="flex items-center gap-2 space-y-0"
          >
            <label
              class="w-full"
            >
              <input
                aria-checked="false"
                aria-describedby=":r9:-form-item-description"
                aria-invalid="false"
                aria-label="Mordred"
                class="peer absolute m-0 appearance-none"
                id=":r9:-form-item"
                type="checkbox"
              />
              <div
                class="flex aspect-[3/4] items-center justify-center rounded-md border bg-background p-4 text-center text-sm border-primary/80 text-primary/80 w-full peer-focus:outline peer-focus:outline-2 peer-focus:outline-gray-500 peer-focus:ring-2 peer-focus:ring-gray-300"
              >
                Mordred
              </div>
              <span
                class="sr-only text-sm font-normal"
              >
                Mordred
              </span>
            </label>
          </div>
          <div
            class="flex items-center gap-2 space-y-0"
          >
            <label
              class="w-full"
            >
              <input
                aria-checked="false"
                aria-describedby=":ra:-form-item-description"
                aria-invalid="false"
                aria-label="Morgana"
                class="peer absolute m-0 appearance-none"
                id=":ra:-form-item"
                type="checkbox"
              />
              <div
                class="flex aspect-[3/4] items-center justify-center rounded-md border bg-background p-4 text-center text-sm border-primary/80 text-primary/80 w-full peer-focus:outline peer-focus:outline-2 peer-focus:outline-gray-500 peer-focus:ring-2 peer-focus:ring-gray-300"
              >
                Morgana
              </div>
              <span
                class="sr-only text-sm font-normal"
              >
                Morgana
              </span>
            </label>
          </div>
          <div
            class="flex items-center gap-2 space-y-0"
          >
            <label
              class="w-full"
            >
              <input
                aria-checked="false"
                aria-describedby=":rb:-form-item-description"
                aria-invalid="false"
                aria-label="Oberon"
                class="peer absolute m-0 appearance-none"
                id=":rb:-form-item"
                type="checkbox"
              />
              <div
                class="flex aspect-[3/4] items-center justify-center rounded-md border bg-background p-4 text-center text-sm border-primary/80 text-primary/80 w-full peer-focus:outline peer-focus:outline-2 peer-focus:outline-gray-500 peer-focus:ring-2 peer-focus:ring-gray-300"
              >
                Oberon
              </div>
              <span
                class="sr-only text-sm font-normal"
              >
                Oberon
              </span>
            </label>
          </div>
          <div
            class="flex items-center gap-2 space-y-0"
          >
            <label
              class="w-full"
            >
              <input
                aria-checked="true"
                aria-describedby=":rc:-form-item-description"
                aria-invalid="false"
                aria-label="Assassin"
                checked=""
                class="peer absolute m-0 appearance-none"
                id=":rc:-form-item"
                required=""
                type="checkbox"
              />
              <div
                class="flex aspect-[3/4] items-center justify-center rounded-md border bg-background p-4 text-center text-sm border-red-500 text-red-500 w-full peer-focus:outline peer-focus:outline-2 peer-focus:outline-gray-500 peer-focus:ring-2 peer-focus:ring-gray-300 after:ml-0.5 after:content-['*']"
              >
                Assassin
              </div>
              <span
                class="sr-only text-sm font-normal after:ml-0.5 after:text-red-500 after:content-['*']"
              >
                Assassin
              </span>
            </label>
          </div>
          <div
            class="flex items-center gap-2 space-y-0"
          >
            <label
              class="w-full"
            >
              <input
                aria-checked="true"
                aria-describedby=":rd:-form-item-description"
                aria-invalid="false"
                aria-label="1st Minion of Mordred"
                checked=""
                class="peer absolute m-0 appearance-none"
                id=":rd:-form-item"
                type="checkbox"
              />
              <div
                class="flex aspect-[3/4] items-center justify-center rounded-md border bg-background p-4 text-center text-sm border-red-500 text-red-500 w-full peer-focus:outline peer-focus:outline-2 peer-focus:outline-gray-500 peer-focus:ring-2 peer-focus:ring-gray-300"
              >
                Minion of Mordred
              </div>
              <span
                class="sr-only text-sm font-normal"
              >
                Minion of Mordred
              </span>
            </label>
          </div>
          <div
            class="flex items-center gap-2 space-y-0"
          >
            <label
              class="w-full"
            >
              <input
                aria-checked="false"
                aria-describedby=":re:-form-item-description"
                aria-invalid="false"
                aria-label="2nd Minion of Mordred"
                class="peer absolute m-0 appearance-none"
                id=":re:-form-item"
                type="checkbox"
              />
              <div
                class="flex aspect-[3/4] items-center justify-center rounded-md border bg-background p-4 text-center text-sm border-primary/80 text-primary/80 w-full peer-focus:outline peer-focus:outline-2 peer-focus:outline-gray-500 peer-focus:ring-2 peer-focus:ring-gray-300"
              >
                Minion of Mordred
              </div>
              <span
                class="sr-only text-sm font-normal"
              >
                Minion of Mordred
              </span>
            </label>
          </div>
          <div
            class="flex items-center gap-2 space-y-0"
          >
            <label
              class="w-full"
            >
              <input
                aria-checked="false"
                aria-describedby=":rf:-form-item-description"
                aria-invalid="false"
                aria-label="3rd Minion of Mordred"
                class="peer absolute m-0 appearance-none"
                id=":rf:-form-item"
                type="checkbox"
              />
              <div
                class="flex aspect-[3/4] items-center justify-center rounded-md border bg-background p-4 text-center text-sm border-primary/80 text-primary/80 w-full peer-focus:outline peer-focus:outline-2 peer-focus:outline-gray-500 peer-focus:ring-2 peer-focus:ring-gray-300"
              >
                Minion of Mordred
              </div>
              <span
                class="sr-only text-sm font-normal"
              >
                Minion of Mordred
              </span>
            </label>
          </div>
        </div>
      </div>
      <div
        class="sticky bottom-0 bg-background pb-5 pt-5"
      >
        <button
          class="inline-flex items-center justify-center gap-2 whitespace-nowrap rounded-md text-sm font-medium transition-colors focus-visible:outline-none focus-visible:ring-1 focus-visible:ring-ring disabled:pointer-events-none disabled:opacity-50 [&_svg]:pointer-events-none [&_svg]:size-4 [&_svg]:shrink-0 bg-primary text-primary-foreground shadow hover:bg-primary/90 h-9 px-4 py-2 w-full"
          type="submit"
        >
          Play 5
        </button>
      </div>
    </form>
  </div>
</div>
`;
