// Jest Snapshot v1, https://goo.gl/fbAQLP

exports[`Narration Page renders narration page unchanged 1`] = `
<div>
  <div
    class="mx-auto max-w-3xl px-4 py-8 font-[family-name:var(--font-geist-sans)] sm:p-20"
  >
    <h1
      class="mb-12 text-2xl"
    >
      Narration
    </h1>
    <form
      class="flex flex-col justify-between gap-6 *:"
    >
      <div
        class="space-y-3"
      >
        <label
          class="text-sm font-medium leading-none peer-disabled:cursor-not-allowed peer-disabled:opacity-70"
          for=":rg:-form-item"
        >
          Good characters (3)
        </label>
        <div
          class="grid grid-cols-[repeat(auto-fit,_minmax(80px,_1fr))] gap-1"
        >
          <div
            class="flex items-center gap-2 space-y-0"
          >
            <label
              class="w-full"
            >
              <input
                aria-checked="true"
                aria-describedby=":rh:-form-item-description"
                aria-invalid="false"
                aria-label="Merlin"
                checked=""
                class="peer absolute m-0 appearance-none"
                id=":rh:-form-item"
                required=""
                type="checkbox"
              />
              <div
                class="flex aspect-[3/4] items-center justify-center rounded-md p-4 text-center text-sm bg-blue-500 text-neutral-900 w-full peer-focus:outline peer-focus:outline-2 peer-focus:outline-gray-500 peer-focus:ring-2 peer-focus:ring-gray-300 after:ml-0.5 after:content-['*']"
              >
                Merlin
              </div>
              <span
                class="sr-only text-sm font-normal after:ml-0.5 after:text-red-500 after:content-['*']"
              >
                Merlin
              </span>
            </label>
          </div>
          <div
            class="flex items-center gap-2 space-y-0"
          >
            <label
              class="w-full"
            >
              <input
                aria-checked="false"
                aria-describedby=":ri:-form-item-description"
                aria-invalid="false"
                aria-label="Percival"
                class="peer absolute m-0 appearance-none"
                id=":ri:-form-item"
                type="checkbox"
              />
              <div
                class="flex aspect-[3/4] items-center justify-center rounded-md p-4 text-center text-sm bg-blue-500/50 text-neutral-900/50 w-full peer-focus:outline peer-focus:outline-2 peer-focus:outline-gray-500 peer-focus:ring-2 peer-focus:ring-gray-300"
              >
                Percival
              </div>
              <span
                class="sr-only text-sm font-normal"
              >
                Percival
              </span>
            </label>
          </div>
          <div
            class="flex items-center gap-2 space-y-0"
          >
            <label
              class="w-full"
            >
              <input
                aria-checked="true"
                aria-describedby=":rj:-form-item-description"
                aria-invalid="false"
                aria-label="1st Loyal Servant of Arthur"
                checked=""
                class="peer absolute m-0 appearance-none"
                id=":rj:-form-item"
                type="checkbox"
              />
              <div
                class="flex aspect-[3/4] items-center justify-center rounded-md p-4 text-center text-sm bg-blue-500 text-neutral-900 w-full peer-focus:outline peer-focus:outline-2 peer-focus:outline-gray-500 peer-focus:ring-2 peer-focus:ring-gray-300"
              >
                Loyal Servant of Arthur
              </div>
              <span
                class="sr-only text-sm font-normal"
              >
                Loyal Servant of Arthur
              </span>
            </label>
          </div>
          <div
            class="flex items-center gap-2 space-y-0"
          >
            <label
              class="w-full"
            >
              <input
                aria-checked="true"
                aria-describedby=":rk:-form-item-description"
                aria-invalid="false"
                aria-label="2nd Loyal Servant of Arthur"
                checked=""
                class="peer absolute m-0 appearance-none"
                id=":rk:-form-item"
                type="checkbox"
              />
              <div
                class="flex aspect-[3/4] items-center justify-center rounded-md p-4 text-center text-sm bg-blue-500 text-neutral-900 w-full peer-focus:outline peer-focus:outline-2 peer-focus:outline-gray-500 peer-focus:ring-2 peer-focus:ring-gray-300"
              >
                Loyal Servant of Arthur
              </div>
              <span
                class="sr-only text-sm font-normal"
              >
                Loyal Servant of Arthur
              </span>
            </label>
          </div>
          <div
            class="flex items-center gap-2 space-y-0"
          >
            <label
              class="w-full"
            >
              <input
                aria-checked="false"
                aria-describedby=":rl:-form-item-description"
                aria-invalid="false"
                aria-label="3rd Loyal Servant of Arthur"
                class="peer absolute m-0 appearance-none"
                id=":rl:-form-item"
                type="checkbox"
              />
              <div
                class="flex aspect-[3/4] items-center justify-center rounded-md p-4 text-center text-sm bg-blue-500/50 text-neutral-900/50 w-full peer-focus:outline peer-focus:outline-2 peer-focus:outline-gray-500 peer-focus:ring-2 peer-focus:ring-gray-300"
              >
                Loyal Servant of Arthur
              </div>
              <span
                class="sr-only text-sm font-normal"
              >
                Loyal Servant of Arthur
              </span>
            </label>
          </div>
          <div
            class="flex items-center gap-2 space-y-0"
          >
            <label
              class="w-full"
            >
              <input
                aria-checked="false"
                aria-describedby=":rm:-form-item-description"
                aria-invalid="false"
                aria-label="4th Loyal Servant of Arthur"
                class="peer absolute m-0 appearance-none"
                id=":rm:-form-item"
                type="checkbox"
              />
              <div
                class="flex aspect-[3/4] items-center justify-center rounded-md p-4 text-center text-sm bg-blue-500/50 text-neutral-900/50 w-full peer-focus:outline peer-focus:outline-2 peer-focus:outline-gray-500 peer-focus:ring-2 peer-focus:ring-gray-300"
              >
                Loyal Servant of Arthur
              </div>
              <span
                class="sr-only text-sm font-normal"
              >
                Loyal Servant of Arthur
              </span>
            </label>
          </div>
          <div
            class="flex items-center gap-2 space-y-0"
          >
            <label
              class="w-full"
            >
              <input
                aria-checked="false"
                aria-describedby=":rn:-form-item-description"
                aria-invalid="false"
                aria-label="5th Loyal Servant of Arthur"
                class="peer absolute m-0 appearance-none"
                id=":rn:-form-item"
                type="checkbox"
              />
              <div
                class="flex aspect-[3/4] items-center justify-center rounded-md p-4 text-center text-sm bg-blue-500/50 text-neutral-900/50 w-full peer-focus:outline peer-focus:outline-2 peer-focus:outline-gray-500 peer-focus:ring-2 peer-focus:ring-gray-300"
              >
                Loyal Servant of Arthur
              </div>
              <span
                class="sr-only text-sm font-normal"
              >
                Loyal Servant of Arthur
              </span>
            </label>
          </div>
        </div>
      </div>
      <div
        class="space-y-3"
      >
        <label
          class="text-sm font-medium leading-none peer-disabled:cursor-not-allowed peer-disabled:opacity-70"
          for=":ro:-form-item"
        >
          Evil characters (2)
        </label>
        <div
          class="grid grid-cols-[repeat(auto-fit,_minmax(80px,_1fr))] gap-1"
        >
          <div
            class="flex items-center gap-2 space-y-0"
          >
            <label
              class="w-full"
            >
              <input
                aria-checked="false"
                aria-describedby=":rp:-form-item-description"
                aria-invalid="false"
                aria-label="Mordred"
                class="peer absolute m-0 appearance-none"
                id=":rp:-form-item"
                type="checkbox"
              />
              <div
                class="flex aspect-[3/4] items-center justify-center rounded-md p-4 text-center text-sm bg-red-500/50 text-slate-50/50 w-full peer-focus:outline peer-focus:outline-2 peer-focus:outline-gray-500 peer-focus:ring-2 peer-focus:ring-gray-300"
              >
                Mordred
              </div>
              <span
                class="sr-only text-sm font-normal"
              >
                Mordred
              </span>
            </label>
          </div>
          <div
            class="flex items-center gap-2 space-y-0"
          >
            <label
              class="w-full"
            >
              <input
                aria-checked="false"
                aria-describedby=":rq:-form-item-description"
                aria-invalid="false"
                aria-label="Morgana"
                class="peer absolute m-0 appearance-none"
                id=":rq:-form-item"
                type="checkbox"
              />
              <div
                class="flex aspect-[3/4] items-center justify-center rounded-md p-4 text-center text-sm bg-red-500/50 text-slate-50/50 w-full peer-focus:outline peer-focus:outline-2 peer-focus:outline-gray-500 peer-focus:ring-2 peer-focus:ring-gray-300"
              >
                Morgana
              </div>
              <span
                class="sr-only text-sm font-normal"
              >
                Morgana
              </span>
            </label>
          </div>
          <div
            class="flex items-center gap-2 space-y-0"
          >
            <label
              class="w-full"
            >
              <input
                aria-checked="false"
                aria-describedby=":rr:-form-item-description"
                aria-invalid="false"
                aria-label="Oberon"
                class="peer absolute m-0 appearance-none"
                id=":rr:-form-item"
                type="checkbox"
              />
              <div
                class="flex aspect-[3/4] items-center justify-center rounded-md p-4 text-center text-sm bg-red-500/50 text-slate-50/50 w-full peer-focus:outline peer-focus:outline-2 peer-focus:outline-gray-500 peer-focus:ring-2 peer-focus:ring-gray-300"
              >
                Oberon
              </div>
              <span
                class="sr-only text-sm font-normal"
              >
                Oberon
              </span>
            </label>
          </div>
          <div
            class="flex items-center gap-2 space-y-0"
          >
            <label
              class="w-full"
            >
              <input
                aria-checked="true"
                aria-describedby=":rs:-form-item-description"
                aria-invalid="false"
                aria-label="Assassin"
                checked=""
                class="peer absolute m-0 appearance-none"
                id=":rs:-form-item"
                required=""
                type="checkbox"
              />
              <div
                class="flex aspect-[3/4] items-center justify-center rounded-md p-4 text-center text-sm bg-red-500 text-slate-50 w-full peer-focus:outline peer-focus:outline-2 peer-focus:outline-gray-500 peer-focus:ring-2 peer-focus:ring-gray-300 after:ml-0.5 after:content-['*']"
              >
                Assassin
              </div>
              <span
                class="sr-only text-sm font-normal after:ml-0.5 after:text-red-500 after:content-['*']"
              >
                Assassin
              </span>
            </label>
          </div>
          <div
            class="flex items-center gap-2 space-y-0"
          >
            <label
              class="w-full"
            >
              <input
                aria-checked="true"
                aria-describedby=":rt:-form-item-description"
                aria-invalid="false"
                aria-label="1st Minion of Mordred"
                checked=""
                class="peer absolute m-0 appearance-none"
                id=":rt:-form-item"
                type="checkbox"
              />
              <div
                class="flex aspect-[3/4] items-center justify-center rounded-md p-4 text-center text-sm bg-red-500 text-slate-50 w-full peer-focus:outline peer-focus:outline-2 peer-focus:outline-gray-500 peer-focus:ring-2 peer-focus:ring-gray-300"
              >
                Minion of Mordred
              </div>
              <span
                class="sr-only text-sm font-normal"
              >
                Minion of Mordred
              </span>
            </label>
          </div>
          <div
            class="flex items-center gap-2 space-y-0"
          >
            <label
              class="w-full"
            >
              <input
                aria-checked="false"
                aria-describedby=":ru:-form-item-description"
                aria-invalid="false"
                aria-label="2nd Minion of Mordred"
                class="peer absolute m-0 appearance-none"
                id=":ru:-form-item"
                type="checkbox"
              />
              <div
                class="flex aspect-[3/4] items-center justify-center rounded-md p-4 text-center text-sm bg-red-500/50 text-slate-50/50 w-full peer-focus:outline peer-focus:outline-2 peer-focus:outline-gray-500 peer-focus:ring-2 peer-focus:ring-gray-300"
              >
                Minion of Mordred
              </div>
              <span
                class="sr-only text-sm font-normal"
              >
                Minion of Mordred
              </span>
            </label>
          </div>
          <div
            class="flex items-center gap-2 space-y-0"
          >
            <label
              class="w-full"
            >
              <input
                aria-checked="false"
                aria-describedby=":rv:-form-item-description"
                aria-invalid="false"
                aria-label="3rd Minion of Mordred"
                class="peer absolute m-0 appearance-none"
                id=":rv:-form-item"
                type="checkbox"
              />
              <div
                class="flex aspect-[3/4] items-center justify-center rounded-md p-4 text-center text-sm bg-red-500/50 text-slate-50/50 w-full peer-focus:outline peer-focus:outline-2 peer-focus:outline-gray-500 peer-focus:ring-2 peer-focus:ring-gray-300"
              >
                Minion of Mordred
              </div>
              <span
                class="sr-only text-sm font-normal"
              >
                Minion of Mordred
              </span>
            </label>
          </div>
        </div>
      </div>
      <div
        class="sticky bottom-0 bg-white pb-5 pt-7"
      >
        <button
          class="inline-flex items-center justify-center gap-2 whitespace-nowrap rounded-md text-sm font-medium transition-colors focus-visible:outline-none focus-visible:ring-1 focus-visible:ring-ring disabled:pointer-events-none disabled:opacity-50 [&_svg]:pointer-events-none [&_svg]:size-4 [&_svg]:shrink-0 bg-primary text-primary-foreground shadow hover:bg-primary/90 h-9 px-4 py-2 w-full"
          type="submit"
        >
          Play 5
        </button>
      </div>
    </form>
  </div>
</div>
`;
